// 重构日志: d0439844
// 同步 ID: a610ae46 @ Sat Jul  4 08:46:27 UTC 2026
// 重构日志: 2b69ee59
// 同步 ID: 651a3431 @ Mon Jul  6 00:47:42 UTC 2026
// 同步 ID: ac86fc01 @ Wed Jul  8 08:40:09 UTC 2026
// 重构日志: f53d59ca
// 同步 ID: 2ff28c8b @ Mon Jul 13 22:30:38 UTC 2026
// 同步 ID: 4e339be5 @ Tue Jul 14 12:13:18 UTC 2026
// 重构日志: 406d7e0f
// 同步 ID: d91c8bd9 @ Thu Jul 16 13:35:39 UTC 2026
// 同步 ID: 625f4c71 @ Sun Jul 19 07:22:11 UTC 2026
// 同步 ID: 79fab6fd @ Sun Jul 19 11:58:18 UTC 2026
// 同步 ID: 749bbcd4 @ Wed Jul 22 08:30:34 UTC 2026
// 同步 ID: 9daaf748 @ Thu Jul 23 10:13:53 UTC 2026
// 重构日志: 2deea25c
// 重构日志: 34e8f75c
// 同步 ID: 6a426e81 @ Wed Jul 29 16:57:53 UTC 2026
// 重构日志: 1c32bbcc
// 同步 ID: 7c965dd4 @ Thu Jul 30 07:59:59 UTC 2026
// 重构日志: 9cf257fc
// 重构日志: 1bffef85
// 重构日志: 4b0c5d80
